// Jest Snapshot v1, https://goo.gl/fbAQLP

exports[`Highlight Component renders correctly 1`] = `
<span>
  <mark>
    Test
  </mark>
  <span>
     Message
  </span>
</span>
`;
